WARNING:root:1620400110
WARNING:root:1620400115
WARNING:root:1620400116
WARNING:root:1620400121
WARNING:root:1620400144
WARNING:root:1620400149
WARNING:root:1620400159
WARNING:root:1620400164
